2025-11-05 21:06:00 | DEBUG | repo=course-sys-int-systems | action=test | passed=true
2025-04-19 17:49:00 | WARN | repo=course-sys-int-systems | action=edit | files=3
2025-08-28 20:50:00 | INFO | repo=course-sys-int-systems | action=edit | files=4
2025-02-09 21:51:00 | WARN | repo=course-sys-int-systems | action=commit
2025-01-14 21:33:00 | DEBUG | repo=course-sys-int-systems | action=commit
2025-02-18 10:53:00 | DEBUG | repo=course-sys-int-systems | action=commit
2025-07-17 11:17:00 | WARN | repo=course-sys-int-systems | action=edit | files=5
2025-10-04 14:08:00 | WARN | repo=course-sys-int-systems | action=edit | files=5
2025-09-08 07:15:00 | WARN | repo=course-sys-int-systems | action=pull
2025-10-02 18:07:00 | WARN | repo=course-sys-int-systems | action=test | passed=true
2025-12-26 19:22:00 | WARN | repo=course-sys-int-systems | action=pull
2025-10-14 10:31:00 | DEBUG | repo=course-sys-int-systems | action=commit
2025-12-20 20:36:00 | WARN | repo=course-sys-int-systems | action=pull
2025-08-18 20:17:00 | WARN | repo=course-sys-int-systems | action=commit
2025-05-06 19:17:00 | DEBUG | repo=course-sys-int-systems | action=commit
2025-02-03 09:43:00 | INFO | repo=course-sys-int-systems | action=test | passed=true
2025-10-16 21:01:00 | WARN | repo=course-sys-int-systems | action=pull
2025-08-03 09:30:00 | DEBUG | repo=course-sys-int-systems | action=test | passed=true
2025-09-04 19:56:00 | DEBUG | repo=course-sys-int-systems | action=commit
2025-12-12 14:46:00 | DEBUG | repo=course-sys-int-systems | action=commit
2025-09-25 14:27:00 | INFO | repo=course-sys-int-systems | action=pull
2025-09-18 09:22:00 | WARN | repo=course-sys-int-systems | action=commit
2025-01-15 15:28:00 | WARN | repo=course-sys-int-systems | action=commit
